// Jest Snapshot v1, https://goo.gl/fbAQLP

exports[`Version renders 1`] = `
<Version
  orgId="sentry"
  version="foo.bar.Baz@1.0.0+20200101"
>
  <Tooltip
    containerDisplayMode="inline-block"
    disabled={true}
    isHoverable={true}
    position="top"
    title="foo.bar.Baz@1.0.0+20200101"
  >
    <Link
      to={
        Object {
          "pathname": "/organizations/sentry/releases/foo.bar.Baz%401.0.0%2B20200101/",
          "query": Object {
            "project": undefined,
          },
        }
      }
    >
      <a
        href={
          Object {
            "pathname": "/organizations/sentry/releases/foo.bar.Baz%401.0.0%2B20200101/",
            "query": Object {
              "project": undefined,
            },
          }
        }
      >
        <VersionText>
          <span
            className="css-16sjfe2-VersionText e8gt82y0"
          >
            1.0.0 (20200101)
          </span>
        </VersionText>
      </a>
    </Link>
  </Tooltip>
</Version>
`;
